09-15 00:47:22.130 32522 32573 E unknown:ReactNative: • If your device is on the same Wi-Fi network, set 'Debug server host & port for device' in 'Dev settings' to your machine's IP address and the port of the local dev server - e.g. 10.0.1.1:-1
09-15 00:47:22.130 32522 32573 E unknown:ReactNative: 
09-15 00:47:22.130 32522 32573 E unknown:ReactNative: URL: http://ws//localhost:8099/index.bundle?platform=android&dev=true&minify=false&app=br.com.arnoldosilva.estudo_tdd&modulesOnly=false&runModule=true
09-15 00:47:22.130 32522 32573 E unknown:ReactNative: 	at com.facebook.react.devsupport.BundleDownloader$1.onFailure(BundleDownloader.java:126)
09-15 00:47:22.130 32522 32573 E unknown:ReactNative: 	at okhttp3.internal.connection.RealCall$AsyncCall.run(RealCall.kt:525)
09-15 00:47:22.130 32522 32573 E unknown:ReactNative: 	at java.util.concurrent.ThreadPoolExecutor.runWorker(ThreadPoolExecutor.java:1167)
09-15 00:47:22.130 32522 32573 E unknown:ReactNative: 	at java.util.concurrent.ThreadPoolExecutor$Worker.run(ThreadPoolExecutor.java:641)
09-15 00:47:22.130 32522 32573 E unknown:ReactNative: 	at java.lang.Thread.run(Thread.java:764)
09-15 00:47:22.130 32522 32573 E unknown:ReactNative: Caused by: java.net.UnknownServiceException: CLEARTEXT communication to ws not permitted by network security policy
09-15 00:47:22.130 32522 32573 E unknown:ReactNative: 	at okhttp3.internal.connection.RealConnection.connect(RealConnection.kt:188)
09-15 00:47:22.130 32522 32573 E unknown:ReactNative: 	at okhttp3.internal.connection.ExchangeFinder.findConnection(ExchangeFinder.kt:226)
09-15 00:47:22.130 32522 32573 E unknown:ReactNative: 	at okhttp3.internal.connection.ExchangeFinder.findHealthyConnection(ExchangeFinder.kt:106)
09-15 00:47:22.130 32522 32573 E unknown:ReactNative: 	at okhttp3.internal.connection.ExchangeFinder.find(ExchangeFinder.kt:74)
09-15 00:47:22.130 32522 32573 E unknown:ReactNative: 	at okhttp3.internal.connection.RealCall.initExchange$okhttp(RealCall.kt:255)
09-15 00:47:22.130 32522 32573 E unknown:ReactNative: 	at okhttp3.internal.connection.ConnectInterceptor.intercept(ConnectInterceptor.kt:32)
09-15 00:47:22.130 32522 32573 E unknown:ReactNative: 	at okhttp3.internal.http.RealInterceptorChain.proceed(RealInterceptorChain.kt:109)
09-15 00:47:22.130 32522 32573 E unknown:ReactNative: 	at okhttp3.internal.cache.CacheInterceptor.intercept(CacheInterceptor.kt:95)
09-15 00:47:22.130 32522 32573 E unknown:ReactNative: 	at okhttp3.internal.http.RealInterceptorChain.proceed(RealInterceptorChain.kt:109)
09-15 00:47:22.130 32522 32573 E unknown:ReactNative: 	at okhttp3.internal.http.BridgeInterceptor.intercept(BridgeInterceptor.kt:83)
09-15 00:47:22.130 32522 32573 E unknown:ReactNative: 	at okhttp3.internal.http.RealInterceptorChain.proceed(RealInterceptorChain.kt:109)
09-15 00:47:22.130 32522 32573 E unknown:ReactNative: 	at okhttp3.internal.http.RetryAndFollowUpInterceptor.intercept(RetryAndFollowUpInterceptor.kt:76)
09-15 00:47:22.130 32522 32573 E unknown:ReactNative: 	at okhttp3.internal.http.RealInterceptorChain.proceed(RealInterceptorChain.kt:109)
09-15 00:47:22.130 32522 32573 E unknown:ReactNative: 	at okhttp3.internal.connection.RealCall.getResponseWithInterceptorChain$okhttp(RealCall.kt:201)
09-15 00:47:22.130 32522 32573 E unknown:ReactNative: 	at okhttp3.internal.connection.RealCall$AsyncCall.run(RealCall.kt:517)
09-15 00:47:22.130 32522 32573 E unknown:ReactNative: 	... 3 more
09-15 00:47:22.136 32522 32574 W libEGL  : EGLNativeWindowType 0xce2f9808 disconnect failed
09-15 00:47:22.136 32522 32574 D OpenGLRenderer: eglDestroySurface = 0xe19d4d40, 0xce2f9800
09-15 00:47:22.136 32522 32522 D ViewRootImpl@c8dda2[PopupWindow:6482b97]: dispatchDetachedFromWindow
09-15 00:47:22.147 32522 32522 D InputTransport: Input channel destroyed: fd=104
09-15 00:47:22.151 32522 32522 E unknown:ReactNative: Exception in native call
09-15 00:47:22.151 32522 32522 E unknown:ReactNative: com.facebook.react.common.DebugServerException: Could not connect to development server.
09-15 00:47:22.151 32522 32522 E unknown:ReactNative: 
09-15 00:47:22.151 32522 32522 E unknown:ReactNative: Try the following to fix the issue:
09-15 00:47:22.151 32522 32522 E unknown:ReactNative: • Ensure that Metro is running
09-15 00:47:22.151 32522 32522 E unknown:ReactNative: • Ensure that your device/emulator is connected to your machine and has USB debugging enabled - run 'adb devices' to see a list of connected devices
09-15 00:47:22.151 32522 32522 E unknown:ReactNative: • Ensure Airplane Mode is disabled
09-15 00:47:22.151 32522 32522 E unknown:ReactNative: • If you're on a physical device connected to the same machine, run 'adb reverse tcp:-1 tcp:-1' to forward requests from your device
09-15 00:47:22.151 32522 32522 E unknown:ReactNative: • If your device is on the same Wi-Fi network, set 'Debug server host & port for device' in 'Dev settings' to your machine's IP address and the port of the local dev server - e.g. 10.0.1.1:-1
09-15 00:47:22.151 32522 32522 E unknown:ReactNative: 
09-15 00:47:22.151 32522 32522 E unknown:ReactNative: URL: http://ws//localhost:8099/index.bundle?platform=android&dev=true&minify=false&app=br.com.arnoldosilva.estudo_tdd&modulesOnly=false&runModule=true
09-15 00:47:22.151 32522 32522 E unknown:ReactNative: 	at com.facebook.react.devsupport.BundleDownloader$1.onFailure(BundleDownloader.java:126)
09-15 00:47:22.151 32522 32522 E unknown:ReactNative: 	at okhttp3.internal.connection.RealCall$AsyncCall.run(RealCall.kt:525)
09-15 00:47:22.151 32522 32522 E unknown:ReactNative: 	at java.util.concurrent.ThreadPoolExecutor.runWorker(ThreadPoolExecutor.java:1167)
09-15 00:47:22.151 32522 32522 E unknown:ReactNative: 	at java.util.concurrent.ThreadPoolExecutor$Worker.run(ThreadPoolExecutor.java:641)
09-15 00:47:22.151 32522 32522 E unknown:ReactNative: 	at java.lang.Thread.run(Thread.java:764)
09-15 00:47:22.151 32522 32522 E unknown:ReactNative: Caused by: java.net.UnknownServiceException: CLEARTEXT communication to ws not permitted by network security policy
09-15 00:47:22.151 32522 32522 E unknown:ReactNative: 	at okhttp3.internal.connection.RealConnection.connect(RealConnection.kt:188)
09-15 00:47:22.151 32522 32522 E unknown:ReactNative: 	at okhttp3.internal.connection.ExchangeFinder.findConnection(ExchangeFinder.kt:226)
09-15 00:47:22.151 32522 32522 E unknown:ReactNative: 	at okhttp3.internal.connection.ExchangeFinder.findHealthyConnection(ExchangeFinder.kt:106)
09-15 00:47:22.151 32522 32522 E unknown:ReactNative: 	at okhttp3.internal.connection.ExchangeFinder.find(ExchangeFinder.kt:74)
09-15 00:47:22.151 32522 32522 E unknown:ReactNative: 	at okhttp3.internal.connection.RealCall.initExchange$okhttp(RealCall.kt:255)
09-15 00:47:22.151 32522 32522 E unknown:ReactNative: 	at okhttp3.internal.connection.ConnectInterceptor.intercept(ConnectInterceptor.kt:32)
09-15 00:47:22.151 32522 32522 E unknown:ReactNative: 	at okhttp3.internal.http.RealInterceptorChain.proceed(RealInterceptorChain.kt:109)
09-15 00:47:22.151 32522 32522 E unknown:ReactNative: 	at okhttp3.internal.cache.CacheInterceptor.intercept(CacheInterceptor.kt:95)
09-15 00:47:22.151 32522 32522 E unknown:ReactNative: 	at okhttp3.internal.http.RealInterceptorChain.proceed(RealInterceptorChain.kt:109)
09-15 00:47:22.151 32522 32522 E unknown:ReactNative: 	at okhttp3.internal.http.BridgeInterceptor.intercept(BridgeInterceptor.kt:83)
09-15 00:47:22.151 32522 32522 E unknown:ReactNative: 	at okhttp3.internal.http.RealInterceptorChain.proceed(RealInterceptorChain.kt:109)
09-15 00:47:22.151 32522 32522 E unknown:ReactNative: 	at okhttp3.internal.http.RetryAndFollowUpInterceptor.intercept(RetryAndFollowUpInterceptor.kt:76)
09-15 00:47:22.151 32522 32522 E unknown:ReactNative: 	at okhttp3.internal.http.RealInterceptorChain.proceed(RealInterceptorChain.kt:109)
09-15 00:47:22.151 32522 32522 E unknown:ReactNative: 	at okhttp3.internal.connection.RealCall.getResponseWithInterceptorChain$okhttp(RealCall.kt:201)
09-15 00:47:22.151 32522 32522 E unknown:ReactNative: 	at okhttp3.internal.connection.RealCall$AsyncCall.run(RealCall.kt:517)
09-15 00:47:22.151 32522 32522 E unknown:ReactNative: 	... 3 more
09-15 00:47:22.156 32522 32522 D Dialog  : mIsSamsungBasicInteraction = false, isMetaDataInActivity = false
09-15 00:47:22.163 32522 32522 I DecorView: mWindow.mActivityCurrentConfig is null.
09-15 00:47:22.165 32522 32522 I MultiWindowDecorSupport: updateCaptionType >> DecorView@608bd1c[], isFloating: false, isApplication: true, hasWindowDecorCaption: false, hasWindowControllerCallback: false
09-15 00:47:22.167 32522 32522 D MultiWindowDecorSupport: setCaptionType = 0, DecorView = DecorView@608bd1c[]
09-15 00:47:22.255 32522 32522 D InputTransport: Input channel constructed: fd=104
09-15 00:47:22.255 32522 32522 D ViewRootImpl@1ece981[MainActivity]: setView = DecorView@608bd1c[MainActivity] TM=true MM=false
09-15 00:47:22.305 32522 32522 D ViewRootImpl@1ece981[MainActivity]: Relayout returned: old=[0,0][720,1280] new=[0,0][720,1280] result=0x7 surface={true 3459223552} changed=true
09-15 00:47:22.307 32522 32574 D mali_winsys: EGLint new_window_surface(egl_winsys_display *, void *, EGLSurface, EGLConfig, egl_winsys_surface **, EGLBoolean) returns 0x3000,  [720x1280]-format:1
09-15 00:47:22.307 32522 32574 D OpenGLRenderer: eglCreateWindowSurface = 0xe19d4d40, 0xce2f9008
09-15 00:47:22.401 32522 32522 D AbsListView:  in onLayout changed 
09-15 00:47:22.404 32522 32522 D ViewRootImpl@1ece981[MainActivity]: MSG_WINDOW_FOCUS_CHANGED 1 1
09-15 00:47:22.404 32522 32522 D InputMethodManager: prepareNavigationBarInfo() DecorView@608bd1c[MainActivity]
09-15 00:47:22.404 32522 32522 D InputMethodManager: getNavigationBarColor() -855310
09-15 00:47:22.410 32522 32522 D InputMethodManager: prepareNavigationBarInfo() DecorView@608bd1c[MainActivity]
09-15 00:47:22.410 32522 32522 D InputMethodManager: getNavigationBarColor() -855310
09-15 00:47:22.410 32522 32522 V InputMethodManager: Starting input: tba=br.com.arnoldosilva.estudo_tdd ic=null mNaviBarColor -855310 mIsGetNaviBarColorSuccess true , NavVisible : true , NavTrans : false
09-15 00:47:22.410 32522 32522 D InputMethodManager: startInputInner - Id : 0
09-15 00:47:22.410 32522 32522 I InputMethodManager: startInputInner - mService.startInputOrWindowGainedFocus
09-15 00:47:22.413 32522 32522 D InputTransport: Input channel constructed: fd=108
09-15 00:47:22.413 32522 32522 D InputTransport: Input channel destroyed: fd=106
09-15 00:47:22.438 32522 32522 D ViewRootImpl@1ece981[MainActivity]: MSG_RESIZED: frame=[0,0][720,1280] ci=[0,48][0,0] vi=[0,48][0,0] or=1
09-15 00:47:22.453 32522 32522 D ViewRootImpl@4615a02[MainActivity]: MSG_WINDOW_FOCUS_CHANGED 0 1
09-15 00:47:22.453 32522 32522 D InputMethodManager: prepareNavigationBarInfo() DecorView@ce68420[MainActivity]
09-15 00:47:22.454 32522 32522 D InputMethodManager: getNavigationBarColor() -855310
09-15 00:47:24.037 32522 32560 D NetworkManagementSocketTagger: tagSocket(106) with statsTag=0xffffffff, statsUid=-1
09-15 00:47:24.042 32522   341 D NetworkManagementSocketTagger: tagSocket(107) with statsTag=0xffffffff, statsUid=-1
09-15 00:47:26.069 32522 32560 D NetworkManagementSocketTagger: tagSocket(106) with statsTag=0xffffffff, statsUid=-1
09-15 00:47:26.077 32522   345 D NetworkManagementSocketTagger: tagSocket(106) with statsTag=0xffffffff, statsUid=-1
09-15 00:47:28.098 32522 32560 D NetworkManagementSocketTagger: tagSocket(106) with statsTag=0xffffffff, statsUid=-1
09-15 00:47:28.104 32522   349 D NetworkManagementSocketTagger: tagSocket(106) with statsTag=0xffffffff, statsUid=-1
09-15 00:47:30.126 32522 32560 D NetworkManagementSocketTagger: tagSocket(106) with statsTag=0xffffffff, statsUid=-1
09-15 00:47:30.137 32522   352 D NetworkManagementSocketTagger: tagSocket(106) with statsTag=0xffffffff, statsUid=-1
09-15 00:47:32.157 32522 32560 D NetworkManagementSocketTagger: tagSocket(106) with statsTag=0xffffffff, statsUid=-1
09-15 00:47:32.169 32522   355 D NetworkManagementSocketTagger: tagSocket(106) with statsTag=0xffffffff, statsUid=-1
09-15 00:47:33.594 32522 32522 D Dialog  : mIsSamsungBasicInteraction = false, isMetaDataInActivity = false
09-15 00:47:33.620 32522 32522 I DecorView: mWindow.mActivityCurrentConfig is null.
09-15 00:47:33.622 32522 32522 I MultiWindowDecorSupport: updateCaptionType >> DecorView@cccbe7b[], isFloating: true, isApplication: true, hasWindowDecorCaption: false, hasWindowControllerCallback: false
09-15 00:47:33.622 32522 32522 D MultiWindowDecorSupport: setCaptionType = 0, DecorView = DecorView@cccbe7b[]
09-15 00:47:33.665 32522 32522 D ScrollView: initGoToTop
09-15 00:47:33.685 32522 32522 D ScrollView: initGoToTop
09-15 00:47:33.734 32522 32522 D InputTransport: Input channel constructed: fd=107
09-15 00:47:33.735 32522 32522 D ViewRootImpl@e078eb0[MainActivity]: setView = DecorView@cccbe7b[MainActivity] TM=true MM=false
09-15 00:47:33.804 32522 32522 D ViewRootImpl@e078eb0[MainActivity]: Relayout returned: old=[0,48][720,1280] new=[18,232][702,1096] result=0x7 surface={true 3459219456} changed=true
09-15 00:47:33.807 32522 32574 D mali_winsys: EGLint new_window_surface(egl_winsys_display *, void *, EGLSurface, EGLConfig, egl_winsys_surface **, EGLBoolean) returns 0x3000,  [812x992]-format:1
09-15 00:47:33.808 32522 32574 D OpenGLRenderer: eglCreateWindowSurface = 0xcd38c440, 0xce2f8008
09-15 00:47:33.878 32522 32522 D AbsListView:  in onLayout changed 
09-15 00:47:33.880 32522 32522 D ViewRootImpl@e078eb0[MainActivity]: MSG_WINDOW_FOCUS_CHANGED 1 1
09-15 00:47:33.897 32522 32522 D ViewRootImpl@e078eb0[MainActivity]: MSG_RESIZED: frame=[18,232][702,1096] ci=[0,0][0,0] vi=[0,0][0,0] or=1
09-15 00:47:33.957 32522 32522 D ViewRootImpl@1ece981[MainActivity]: MSG_WINDOW_FOCUS_CHANGED 0 1
09-15 00:47:33.958 32522 32522 D InputMethodManager: prepareNavigationBarInfo() DecorView@608bd1c[MainActivity]
09-15 00:47:33.958 32522 32522 D InputMethodManager: getNavigationBarColor() -855310
09-15 00:47:34.186 32522 32560 D NetworkManagementSocketTagger: tagSocket(117) with statsTag=0xffffffff, statsUid=-1
09-15 00:47:34.197 32522   358 D NetworkManagementSocketTagger: tagSocket(114) with statsTag=0xffffffff, statsUid=-1
09-15 00:47:36.215 32522 32560 D NetworkManagementSocketTagger: tagSocket(114) with statsTag=0xffffffff, statsUid=-1
09-15 00:47:36.227 32522   361 D NetworkManagementSocketTagger: tagSocket(114) with statsTag=0xffffffff, statsUid=-1
09-15 00:47:36.380 32522 32522 D ViewRootImpl@e078eb0[MainActivity]: ViewPostIme pointer 0
09-15 00:47:36.480 32522 32522 D ViewRootImpl@e078eb0[MainActivity]: ViewPostIme pointer 1
09-15 00:47:36.482 32522 32522 D AbsListView: onTouchUp() mTouchMode : 0
09-15 00:47:36.620 32522 32574 W libEGL  : EGLNativeWindowType 0xce2f8008 disconnect failed
09-15 00:47:36.620 32522 32574 D OpenGLRenderer: eglDestroySurface = 0xcd38c440, 0xce2f8000
09-15 00:47:36.620 32522 32574 D OpenGLRenderer: endAllActiveAnimators on 0xce3d0480 (AlertController$RecycleListView) with handle 0xe19eaed0
09-15 00:47:36.620 32522 32522 D ViewRootImpl@e078eb0[MainActivity]: dispatchDetachedFromWindow
09-15 00:47:36.633 32522 32522 D InputTransport: Input channel destroyed: fd=107
09-15 00:47:36.641 32522 32522 D SensorManager: unregisterListener ::   
09-15 00:47:36.651 32522 32574 W libEGL  : EGLNativeWindowType 0xce2f9008 disconnect failed
09-15 00:47:36.651 32522 32574 D OpenGLRenderer: eglDestroySurface = 0xe19d4d40, 0xce2f9000
09-15 00:47:36.651 32522 32522 D ViewRootImpl@1ece981[MainActivity]: dispatchDetachedFromWindow
09-15 00:47:36.661 32522 32522 D InputTransport: Input channel destroyed: fd=104
09-15 00:47:36.663 32522 32522 D LifecycleMonitor: Lifecycle status change: com.estudo_tdd.MainActivity@b5323fa in: PAUSED
09-15 00:47:36.663 32522 32522 D LifecycleMonitor: running callback: androidx.test.rule.ActivityTestRule$LifecycleCallback@48a7386
09-15 00:47:36.664 32522 32522 D LifecycleMonitor: callback completes: androidx.test.rule.ActivityTestRule$LifecycleCallback@48a7386
09-15 00:47:36.680 32522 32522 E ViewRootImpl: sendUserActionEvent() returned.
09-15 00:47:36.680 32522 32522 E ViewRootImpl: sendUserActionEvent() returned.
09-15 00:47:36.680 32522 32522 D ViewRootImpl@4615a02[MainActivity]: MSG_WINDOW_FOCUS_CHANGED 0 1
09-15 00:47:36.680 32522 32522 D InputMethodManager: prepareNavigationBarInfo() DecorView@ce68420[MainActivity]
09-15 00:47:36.681 32522 32522 D InputMethodManager: getNavigationBarColor() -855310
09-15 00:47:36.682 32522 32522 E ViewRootImpl: sendUserActionEvent() returned.
09-15 00:47:36.682 32522 32522 W ActivityThread: handleWindowVisibility: no activity for token android.os.BinderProxy@dca3447
09-15 00:47:36.682 32522 32522 D ViewRootImpl@4615a02[MainActivity]: MSG_WINDOW_FOCUS_CHANGED 0 0
09-15 00:47:36.695 32522 32522 D LifecycleMonitor: Lifecycle status change: com.facebook.react.devsupport.DevSettingsActivity@c0a4212 in: PRE_ON_CREATE
09-15 00:47:36.696 32522 32522 D LifecycleMonitor: running callback: androidx.test.rule.ActivityTestRule$LifecycleCallback@48a7386
09-15 00:47:36.696 32522 32522 D LifecycleMonitor: callback completes: androidx.test.rule.ActivityTestRule$LifecycleCallback@48a7386
09-15 00:47:36.704 32522 32522 I MultiWindowDecorSupport: updateCaptionType >> DecorView@5941699[], isFloating: false, isApplication: true, hasWindowDecorCaption: false, hasWindowControllerCallback: true
09-15 00:47:36.704 32522 32522 D MultiWindowDecorSupport: setCaptionType = 0, DecorView = DecorView@5941699[]
09-15 00:47:36.887 32522 32522 D LifecycleMonitor: Lifecycle status change: com.facebook.react.devsupport.DevSettingsActivity@c0a4212 in: CREATED
09-15 00:47:36.887 32522 32522 D LifecycleMonitor: running callback: androidx.test.rule.ActivityTestRule$LifecycleCallback@48a7386
09-15 00:47:36.887 32522 32522 D LifecycleMonitor: callback completes: androidx.test.rule.ActivityTestRule$LifecycleCallback@48a7386
09-15 00:47:36.897 32522 32522 D LifecycleMonitor: Lifecycle status change: com.facebook.react.devsupport.DevSettingsActivity@c0a4212 in: STARTED
09-15 00:47:36.897 32522 32522 D LifecycleMonitor: running callback: androidx.test.rule.ActivityTestRule$LifecycleCallback@48a7386
09-15 00:47:36.897 32522 32522 D LifecycleMonitor: callback completes: androidx.test.rule.ActivityTestRule$LifecycleCallback@48a7386
09-15 00:47:36.899 32522 32522 D LifecycleMonitor: Lifecycle status change: com.facebook.react.devsupport.DevSettingsActivity@c0a4212 in: RESUMED
09-15 00:47:36.899 32522 32522 D LifecycleMonitor: running callback: androidx.test.rule.ActivityTestRule$LifecycleCallback@48a7386
09-15 00:47:36.899 32522 32522 D LifecycleMonitor: callback completes: androidx.test.rule.ActivityTestRule$LifecycleCallback@48a7386
09-15 00:47:36.912 32522 32522 D InputTransport: Input channel constructed: fd=102
09-15 00:47:36.913 32522 32522 D ViewRootImpl@a63c03d[DevSettingsActivity]: setView = DecorView@5941699[DevSettingsActivity] TM=true MM=false
09-15 00:47:36.962 32522 32522 D ViewRootImpl@a63c03d[DevSettingsActivity]: Relayout returned: old=[0,0][720,1280] new=[0,0][720,1280] result=0x7 surface={true 3909832704} changed=true
09-15 00:47:36.968 32522 32574 D mali_winsys: EGLint new_window_surface(egl_winsys_display *, void *, EGLSurface, EGLConfig, egl_winsys_surface **, EGLBoolean) returns 0x3000,  [720x1280]-format:1
09-15 00:47:36.968 32522 32574 D OpenGLRenderer: eglCreateWindowSurface = 0xe19d4d40, 0xe90b5008
09-15 00:47:37.233 32522 32522 D AbsListView:  in onLayout changed 
09-15 00:47:37.283 32522 32522 D ViewRootImpl@a63c03d[DevSettingsActivity]: MSG_RESIZED: frame=[0,0][720,1280] ci=[0,48][0,0] vi=[0,48][0,0] or=1
09-15 00:47:37.283 32522 32522 D ViewRootImpl@a63c03d[DevSettingsActivity]: MSG_WINDOW_FOCUS_CHANGED 1 1
09-15 00:47:37.283 32522 32522 D InputMethodManager: prepareNavigationBarInfo() DecorView@5941699[DevSettingsActivity]
09-15 00:47:37.284 32522 32522 D InputMethodManager: getNavigationBarColor() -855310
09-15 00:47:37.291 32522 32522 D InputMethodManager: prepareNavigationBarInfo() DecorView@5941699[DevSettingsActivity]
09-15 00:47:37.291 32522 32522 D InputMethodManager: getNavigationBarColor() -855310
09-15 00:47:37.291 32522 32522 V InputMethodManager: Starting input: tba=br.com.arnoldosilva.estudo_tdd ic=null mNaviBarColor -855310 mIsGetNaviBarColorSuccess true , NavVisible : true , NavTrans : false
09-15 00:47:37.291 32522 32522 D InputMethodManager: startInputInner - Id : 0
09-15 00:47:37.291 32522 32522 I InputMethodManager: startInputInner - mService.startInputOrWindowGainedFocus
09-15 00:47:37.313 32522 32522 D InputTransport: Input channel constructed: fd=106
09-15 00:47:37.313 32522 32522 D InputTransport: Input channel destroyed: fd=108
09-15 00:47:37.634 32522 32574 W libEGL  : EGLNativeWindowType 0xce2f7808 disconnect failed
09-15 00:47:37.634 32522 32574 D OpenGLRenderer: eglDestroySurface = 0xe19d4440, 0xce2f7800
09-15 00:47:37.645 32522 32522 D ViewRootImpl@4615a02[MainActivity]: Relayout returned: old=[0,0][720,1280] new=[0,0][720,1280] result=0x5 surface={false 0} changed=true
09-15 00:47:37.647 32522 32522 D ViewRootImpl@4615a02[MainActivity]: stopped(true) old=false
09-15 00:47:37.650 32522 32522 D LifecycleMonitor: Lifecycle status change: com.estudo_tdd.MainActivity@b5323fa in: STOPPED
09-15 00:47:37.650 32522 32522 D LifecycleMonitor: running callback: androidx.test.rule.ActivityTestRule$LifecycleCallback@48a7386
09-15 00:47:37.650 32522 32522 D LifecycleMonitor: callback completes: androidx.test.rule.ActivityTestRule$LifecycleCallback@48a7386
09-15 00:47:38.234 32522 32560 D NetworkManagementSocketTagger: tagSocket(96) with statsTag=0xffffffff, statsUid=-1
09-15 00:47:40.264 32522 32560 D NetworkManagementSocketTagger: tagSocket(96) with statsTag=0xffffffff, statsUid=-1
09-15 00:47:42.294 32522 32560 D NetworkManagementSocketTagger: tagSocket(96) with statsTag=0xffffffff, statsUid=-1
09-15 00:47:43.866 32522 32522 D ViewRootImpl@a63c03d[DevSettingsActivity]: ViewPostIme pointer 0
09-15 00:47:43.963 32522 32522 D AbsListView: reportScrollStateChange() newState : 1
09-15 00:47:44.313 32522 32560 D NetworkManagementSocketTagger: tagSocket(96) with statsTag=0xffffffff, statsUid=-1
09-15 00:47:44.875 32522 32522 D ViewRootImpl@a63c03d[DevSettingsActivity]: ViewPostIme pointer 1
09-15 00:47:44.876 32522 32522 D AbsListView: onTouchUp() mTouchMode : 3
09-15 00:47:44.876 32522 32522 D AbsListView: onTouchUp() TOUCH_MODE_SCROLL initialVelocity : 0
09-15 00:47:44.876 32522 32522 D AbsListView: reportScrollStateChange() newState : 0
09-15 00:47:46.342 32522 32560 D NetworkManagementSocketTagger: tagSocket(96) with statsTag=0xffffffff, statsUid=-1
09-15 00:47:48.371 32522 32560 D NetworkManagementSocketTagger: tagSocket(96) with statsTag=0xffffffff, statsUid=-1
09-15 00:47:49.135 32522 32522 D ViewRootImpl@a63c03d[DevSettingsActivity]: ViewPostIme key 0
09-15 00:47:49.223 32522 32522 D ViewRootImpl@a63c03d[DevSettingsActivity]: ViewPostIme key 1
09-15 00:47:49.232 32522 32522 D LifecycleMonitor: Lifecycle status change: com.facebook.react.devsupport.DevSettingsActivity@c0a4212 in: PAUSED
09-15 00:47:49.232 32522 32522 D LifecycleMonitor: running callback: androidx.test.rule.ActivityTestRule$LifecycleCallback@48a7386
09-15 00:47:49.233 32522 32522 D LifecycleMonitor: callback completes: androidx.test.rule.ActivityTestRule$LifecycleCallback@48a7386
09-15 00:47:49.254 32522 32522 D ViewRootImpl@4615a02[MainActivity]: stopped(false) old=true
09-15 00:47:49.254 32522 32522 D LifecycleMonitor: Lifecycle status change: com.estudo_tdd.MainActivity@b5323fa in: RESTARTED
09-15 00:47:49.254 32522 32522 D LifecycleMonitor: running callback: androidx.test.rule.ActivityTestRule$LifecycleCallback@48a7386
09-15 00:47:49.254 32522 32522 D LifecycleMonitor: callback completes: androidx.test.rule.ActivityTestRule$LifecycleCallback@48a7386
09-15 00:47:49.256 32522 32522 D LifecycleMonitor: Lifecycle status change: com.estudo_tdd.MainActivity@b5323fa in: STARTED
09-15 00:47:49.256 32522 32522 D LifecycleMonitor: running callback: androidx.test.rule.ActivityTestRule$LifecycleCallback@48a7386
09-15 00:47:49.257 32522 32522 D LifecycleMonitor: callback completes: androidx.test.rule.ActivityTestRule$LifecycleCallback@48a7386
09-15 00:47:49.258 32522 32522 D ViewRootImpl@4615a02[MainActivity]: stopped(false) old=false
09-15 00:47:49.262 32522 32522 D SensorManager: registerListener :: 0, K6DS3TR Accelerometer, 66667, 0,  
09-15 00:47:49.264 32522 32522 D LifecycleMonitor: Lifecycle status change: com.estudo_tdd.MainActivity@b5323fa in: RESUMED
09-15 00:47:49.265 32522 32522 D LifecycleMonitor: running callback: androidx.test.rule.ActivityTestRule$LifecycleCallback@48a7386
09-15 00:47:49.265 32522 32522 D LifecycleMonitor: callback completes: androidx.test.rule.ActivityTestRule$LifecycleCallback@48a7386
09-15 00:47:49.268 32522 32522 D ViewRootImpl@a63c03d[DevSettingsActivity]: MSG_WINDOW_FOCUS_CHANGED 0 1
09-15 00:47:49.268 32522 32522 D InputMethodManager: prepareNavigationBarInfo() DecorView@5941699[DevSettingsActivity]
09-15 00:47:49.269 32522 32522 D InputMethodManager: getNavigationBarColor() -855310
09-15 00:47:49.279 32522   387 W unknown:ReconnectingWebSocket: Couldn't connect to "ws://ws://localhost:8099/message?device=SM-J530G%20-%209%20-%20API%2028&app=br.com.arnoldosilva.estudo_tdd&clientid=DevSupportManagerImpl", will silently retry
09-15 00:47:49.290 32522 32522 D ViewRootImpl@4615a02[MainActivity]: Relayout returned: old=[0,0][720,1280] new=[0,0][720,1280] result=0x7 surface={true 3459217408} changed=true
09-15 00:47:49.293 32522 32574 D mali_winsys: EGLint new_window_surface(egl_winsys_display *, void *, EGLSurface, EGLConfig, egl_winsys_surface **, EGLBoolean) returns 0x3000,  [720x1280]-format:1
09-15 00:47:49.294 32522 32574 D OpenGLRenderer: eglCreateWindowSurface = 0xc89c1de0, 0xce2f7808
09-15 00:47:49.297 32522 32522 D ViewRootImpl@4615a02[MainActivity]: MSG_WINDOW_FOCUS_CHANGED 1 1
09-15 00:47:49.298 32522 32522 D InputMethodManager: prepareNavigationBarInfo() DecorView@ce68420[MainActivity]
09-15 00:47:49.298 32522 32522 D InputMethodManager: getNavigationBarColor() -855310
09-15 00:47:49.299 32522 32522 D InputMethodManager: prepareNavigationBarInfo() DecorView@ce68420[MainActivity]
09-15 00:47:49.300 32522 32522 D InputMethodManager: getNavigationBarColor() -855310
09-15 00:47:49.300 32522 32522 V InputMethodManager: Starting input: tba=br.com.arnoldosilva.estudo_tdd ic=null mNaviBarColor -855310 mIsGetNaviBarColorSuccess true , NavVisible : true , NavTrans : false
09-15 00:47:49.300 32522 32522 D InputMethodManager: startInputInner - Id : 0
09-15 00:47:49.300 32522 32522 I InputMethodManager: startInputInner - mService.startInputOrWindowGainedFocus
09-15 00:47:49.302 32522 32522 D InputTransport: Input channel constructed: fd=113
09-15 00:47:49.303 32522 32522 D InputTransport: Input channel destroyed: fd=106
09-15 00:47:49.670 32522 32574 W libEGL  : EGLNativeWindowType 0xe90b5008 disconnect failed
09-15 00:47:49.670 32522 32574 D OpenGLRenderer: eglDestroySurface = 0xe19d4d40, 0xe90b5000
09-15 00:47:49.687 32522 32522 D ViewRootImpl@a63c03d[DevSettingsActivity]: Relayout returned: old=[0,0][720,1280] new=[0,0][720,1280] result=0x5 surface={false 0} changed=true
09-15 00:47:49.689 32522 32522 D ViewRootImpl@a63c03d[DevSettingsActivity]: stopped(true) old=false
09-15 00:47:49.690 32522 32522 D LifecycleMonitor: Lifecycle status change: com.facebook.react.devsupport.DevSettingsActivity@c0a4212 in: STOPPED
09-15 00:47:49.690 32522 32522 D LifecycleMonitor: running callback: androidx.test.rule.ActivityTestRule$LifecycleCallback@48a7386
09-15 00:47:49.690 32522 32522 D LifecycleMonitor: callback completes: androidx.test.rule.ActivityTestRule$LifecycleCallback@48a7386
09-15 00:47:49.695 32522 32522 D LifecycleMonitor: Lifecycle status change: com.facebook.react.devsupport.DevSettingsActivity@c0a4212 in: DESTROYED
09-15 00:47:49.695 32522 32522 D LifecycleMonitor: running callback: androidx.test.rule.ActivityTestRule$LifecycleCallback@48a7386
09-15 00:47:49.695 32522 32522 D LifecycleMonitor: callback completes: androidx.test.rule.ActivityTestRule$LifecycleCallback@48a7386
09-15 00:47:49.716 32522 32522 D ViewRootImpl@a63c03d[DevSettingsActivity]: dispatchDetachedFromWindow
09-15 00:47:49.724 32522 32522 D InputTransport: Input channel destroyed: fd=102
09-15 00:47:50.406 32522 32560 D NetworkManagementSocketTagger: tagSocket(58) with statsTag=0xffffffff, statsUid=-1
09-15 00:47:52.434 32522 32560 D NetworkManagementSocketTagger: tagSocket(58) with statsTag=0xffffffff, statsUid=-1
09-15 00:47:54.463 32522 32560 D NetworkManagementSocketTagger: tagSocket(58) with statsTag=0xffffffff, statsUid=-1
09-15 00:47:54.861 32522 32522 D Dialog  : mIsSamsungBasicInteraction = false, isMetaDataInActivity = false
09-15 00:47:54.890 32522 32522 I DecorView: mWindow.mActivityCurrentConfig is null.
09-15 00:47:54.892 32522 32522 I MultiWindowDecorSupport: updateCaptionType >> DecorView@8005eef[], isFloating: true, isApplication: true, hasWindowDecorCaption: false, hasWindowControllerCallback: false
09-15 00:47:54.892 32522 32522 D MultiWindowDecorSupport: setCaptionType = 0, DecorView = DecorView@8005eef[]
09-15 00:47:54.932 32522 32522 D ScrollView: initGoToTop
09-15 00:47:54.949 32522 32522 D ScrollView: initGoToTop
09-15 00:47:54.998 32522 32522 D InputTransport: Input channel constructed: fd=102
09-15 00:47:54.999 32522 32522 D ViewRootImpl@6eedb32[MainActivity]: setView = DecorView@8005eef[MainActivity] TM=true MM=false
09-15 00:47:55.066 32522 32522 D ViewRootImpl@6eedb32[MainActivity]: Relayout returned: old=[0,48][720,1280] new=[18,232][702,1096] result=0x7 surface={true 3444975616} changed=true
09-15 00:47:55.070 32522 32574 D mali_winsys: EGLint new_window_surface(egl_winsys_display *, void *, EGLSurface, EGLConfig, egl_winsys_surface **, EGLBoolean) returns 0x3000,  [812x992]-format:1
09-15 00:47:55.070 32522 32574 D OpenGLRenderer: eglCreateWindowSurface = 0xe19d4d40, 0xcd562808
09-15 00:47:55.121 32522 32522 D AbsListView:  in onLayout changed 
09-15 00:47:55.123 32522 32522 D ViewRootImpl@6eedb32[MainActivity]: MSG_WINDOW_FOCUS_CHANGED 1 1
09-15 00:47:55.138 32522 32522 D ViewRootImpl@6eedb32[MainActivity]: MSG_RESIZED: frame=[18,232][702,1096] ci=[0,0][0,0] vi=[0,0][0,0] or=1
09-15 00:47:55.171 32522 32522 D ViewRootImpl@4615a02[MainActivity]: MSG_WINDOW_FOCUS_CHANGED 0 1
09-15 00:47:55.172 32522 32522 D InputMethodManager: prepareNavigationBarInfo() DecorView@ce68420[MainActivity]
09-15 00:47:55.172 32522 32522 D InputMethodManager: getNavigationBarColor() -855310
09-15 00:47:56.493 32522 32560 D NetworkManagementSocketTagger: tagSocket(103) with statsTag=0xffffffff, statsUid=-1
09-15 00:47:57.232 32522 32522 D ViewRootImpl@6eedb32[MainActivity]: ViewPostIme pointer 0
09-15 00:47:57.298 32522 32522 D ViewRootImpl@6eedb32[MainActivity]: ViewPostIme pointer 1
09-15 00:47:57.299 32522 32522 D AbsListView: onTouchUp() mTouchMode : 0
09-15 00:47:57.399 32522 32522 D Dialog  : mIsSamsungBasicInteraction = false, isMetaDataInActivity = false
09-15 00:47:57.406 32522 32522 I DecorView: mWindow.mActivityCurrentConfig is null.
09-15 00:47:57.409 32522 32522 I MultiWindowDecorSupport: updateCaptionType >> DecorView@1741956[], isFloating: true, isApplication: true, hasWindowDecorCaption: false, hasWindowControllerCallback: false
09-15 00:47:57.409 32522 32522 D MultiWindowDecorSupport: setCaptionType = 0, DecorView = DecorView@1741956[]
09-15 00:47:57.442 32522 32522 D ScrollView: initGoToTop
09-15 00:47:57.459 32522 32522 D ScrollView: initGoToTop
09-15 00:47:57.497 32522 32522 D InputTransport: Input channel constructed: fd=104
09-15 00:47:57.498 32522 32522 D ViewRootImpl@7b800cf[MainActivity]: setView = DecorView@1741956[MainActivity] TM=true MM=false
09-15 00:47:57.515 32522 32574 W libEGL  : EGLNativeWindowType 0xcd562808 disconnect failed
09-15 00:47:57.515 32522 32574 D OpenGLRenderer: eglDestroySurface = 0xe19d4d40, 0xcd562800
09-15 00:47:57.515 32522 32574 D OpenGLRenderer: endAllActiveAnimators on 0xcd387280 (AlertController$RecycleListView) with handle 0xe19eab60
09-15 00:47:57.515 32522 32522 D ViewRootImpl@6eedb32[MainActivity]: dispatchDetachedFromWindow
09-15 00:47:57.533 32522 32522 D InputTransport: Input channel destroyed: fd=102
09-15 00:47:57.587 32522 32522 D ViewRootImpl@7b800cf[MainActivity]: Relayout returned: old=[0,48][720,1280] new=[18,483][702,845] result=0x7 surface={true 3444975616} changed=true
09-15 00:47:57.590 32522 32574 D mali_winsys: EGLint new_window_surface(egl_winsys_display *, void *, EGLSurface, EGLConfig, egl_winsys_surface **, EGLBoolean) returns 0x3000,  [812x490]-format:1
09-15 00:47:57.590 32522 32574 D OpenGLRenderer: eglCreateWindowSurface = 0xe19d4d40, 0xcd562808
09-15 00:47:57.611 32522 32522 D ScrollView:  onsize change changed 
09-15 00:47:57.614 32522 32522 D ViewRootImpl@7b800cf[MainActivity]: MSG_WINDOW_FOCUS_CHANGED 1 1
09-15 00:47:57.615 32522 32522 D InputMethodManager: prepareNavigationBarInfo() DecorView@1741956[MainActivity]
09-15 00:47:57.615 32522 32522 D InputMethodManager: getNavigationBarColor() -855310
09-15 00:47:57.620 32522 32522 D InputMethodManager: prepareNavigationBarInfo() DecorView@1741956[MainActivity]
09-15 00:47:57.620 32522 32522 D InputMethodManager: getNavigationBarColor() -855310
09-15 00:47:57.620 32522 32522 V InputMethodManager: Starting input: tba=br.com.arnoldosilva.estudo_tdd ic=null mNaviBarColor -855310 mIsGetNaviBarColorSuccess true , NavVisible : true , NavTrans : false
09-15 00:47:57.621 32522 32522 D InputMethodManager: startInputInner - Id : 0
09-15 00:47:57.621 32522 32522 I InputMethodManager: startInputInner - mService.startInputOrWindowGainedFocus
09-15 00:47:57.624 32522 32522 D InputTransport: Input channel constructed: fd=103
09-15 00:47:57.624 32522 32522 D InputTransport: Input channel destroyed: fd=113
09-15 00:47:57.644 32522 32522 D ViewRootImpl@7b800cf[MainActivity]: MSG_RESIZED: frame=[18,483][702,845] ci=[0,0][0,0] vi=[0,0][0,0] or=1
09-15 00:47:57.664 32522 32522 E ViewRootImpl: sendUserActionEvent() returned.
09-15 00:47:58.528 32522 32560 D NetworkManagementSocketTagger: tagSocket(102) with statsTag=0xffffffff, statsUid=-1
09-15 00:47:59.052 32522 32522 D ViewRootImpl@7b800cf[MainActivity]: ViewPostIme pointer 0
09-15 00:47:59.135 32522 32522 D ViewRootImpl@7b800cf[MainActivity]: ViewPostIme pointer 1
09-15 00:47:59.156 32522 32522 D InputMethodManager: prepareNavigationBarInfo() DecorView@1741956[MainActivity]
09-15 00:47:59.156 32522 32522 D InputMethodManager: getNavigationBarColor() -855310
09-15 00:47:59.156 32522 32522 V InputMethodManager: Starting input: tba=br.com.arnoldosilva.estudo_tdd ic=com.android.internal.widget.EditableInputConnection@3e528c mNaviBarColor -855310 mIsGetNaviBarColorSuccess true , NavVisible : true , NavTrans : false
09-15 00:47:59.157 32522 32522 D InputMethodManager: startInputInner - Id : 0
09-15 00:47:59.165 32522 32522 I InputMethodManager: startInputInner - mService.startInputOrWindowGainedFocus
09-15 00:47:59.168 32522 32522 D InputTransport: Input channel constructed: fd=106
09-15 00:47:59.168 32522 32522 D InputTransport: Input channel destroyed: fd=103
09-15 00:47:59.168 32522 32522 D InputMethodManager: SSI - flag : 0 Pid : 32522 view : br.com.arnoldosilva.estudo_tdd
09-15 00:47:59.169 32522 32522 D InputMethodManager: prepareNavigationBarInfo() DecorView@1741956[MainActivity]
09-15 00:47:59.169 32522 32522 D InputMethodManager: getNavigationBarColor() -855310
09-15 00:47:59.172 32522 32522 D Editor  : waiting for the right moment
09-15 00:47:59.193 32522 32522 I AssistStructure: Flattened final assist data: 2988 bytes, containing 2 windows, 10 views
09-15 00:47:59.330 32522 32522 D ViewRootImpl@4615a02[MainActivity]: MSG_RESIZED: frame=[0,0][720,1280] ci=[0,48][0,618] vi=[0,48][0,618] or=1
09-15 00:47:59.359 32522 32522 D ViewRootImpl@4615a02[MainActivity]: Relayout returned: old=[0,0][720,1280] new=[0,0][720,1280] result=0x1 surface={true 3459217408} changed=false
09-15 00:48:00.546 32522 32560 D NetworkManagementSocketTagger: tagSocket(102) with statsTag=0xffffffff, statsUid=-1
09-15 00:48:02.562 32522 32560 D NetworkManagementSocketTagger: tagSocket(102) with statsTag=0xffffffff, statsUid=-1
09-15 00:48:04.586 32522 32560 D NetworkManagementSocketTagger: tagSocket(102) with statsTag=0xffffffff, statsUid=-1
09-15 00:48:05.974 32522 32522 D ViewRootImpl@7b800cf[MainActivity]: ViewPostIme key 1
09-15 00:48:06.616 32522 32560 D NetworkManagementSocketTagger: tagSocket(102) with statsTag=0xffffffff, statsUid=-1
09-15 00:48:08.636 32522 32560 D NetworkManagementSocketTagger: tagSocket(102) with statsTag=0xffffffff, statsUid=-1
09-15 00:48:10.223 32522 32522 D ViewRootImpl@7b800cf[MainActivity]: ViewPostIme pointer 0
09-15 00:48:10.331 32522 32522 D ViewRootImpl@7b800cf[MainActivity]: ViewPostIme pointer 1
09-15 00:48:10.363 32522 32573 D NetworkManagementSocketTagger: tagSocket(115) with statsTag=0xffffffff, statsUid=-1
09-15 00:48:10.376 32522 32574 W libEGL  : EGLNativeWindowType 0xcd562808 disconnect failed
09-15 00:48:10.376 32522 32574 D OpenGLRenderer: eglDestroySurface = 0xe19d4d40, 0xcd562800
09-15 00:48:10.376 32522 32574 D OpenGLRenderer: endAllActiveAnimators on 0xcecb5b80 (RippleDrawable) with handle 0xc89da270
09-15 00:48:10.376 32522 32522 D ViewRootImpl@7b800cf[MainActivity]: dispatchDetachedFromWindow
09-15 00:48:10.384 32522 32573 W unknown:ReactNative: Could not parse DebugServerException from: Upgrade Required
09-15 00:48:10.384 32522 32573 W unknown:ReactNative: org.json.JSONException: Value Upgrade of type java.lang.String cannot be converted to JSONObject
09-15 00:48:10.384 32522 32573 W unknown:ReactNative: 	at org.json.JSON.typeMismatch(JSON.java:112)
09-15 00:48:10.384 32522 32573 W unknown:ReactNative: 	at org.json.JSONObject.<init>(JSONObject.java:163)
09-15 00:48:10.384 32522 32573 W unknown:ReactNative: 	at org.json.JSONObject.<init>(JSONObject.java:176)
09-15 00:48:10.384 32522 32573 W unknown:ReactNative: 	at com.facebook.react.common.DebugServerException.parse(DebugServerException.java:76)
09-15 00:48:10.384 32522 32573 W unknown:ReactNative: 	at com.facebook.react.devsupport.BundleDownloader.processBundleResult(BundleDownloader.java:251)
09-15 00:48:10.384 32522 32573 W unknown:ReactNative: 	at com.facebook.react.devsupport.BundleDownloader.access$200(BundleDownloader.java:34)
09-15 00:48:10.384 32522 32573 W unknown:ReactNative: 	at com.facebook.react.devsupport.BundleDownloader$1.onResponse(BundleDownloader.java:151)
09-15 00:48:10.384 32522 32573 W unknown:ReactNative: 	at okhttp3.internal.connection.RealCall$AsyncCall.run(RealCall.kt:519)
09-15 00:48:10.384 32522 32573 W unknown:ReactNative: 	at java.util.concurrent.ThreadPoolExecutor.runWorker(ThreadPoolExecutor.java:1167)
09-15 00:48:10.384 32522 32573 W unknown:ReactNative: 	at java.util.concurrent.ThreadPoolExecutor$Worker.run(ThreadPoolExecutor.java:641)
09-15 00:48:10.384 32522 32573 W unknown:ReactNative: 	at java.lang.Thread.run(Thread.java:764)
09-15 00:48:10.385 32522 32573 E unknown:ReactNative: Unable to download JS bundle
09-15 00:48:10.385 32522 32573 E unknown:ReactNative: com.facebook.react.common.DebugServerException: The development server returned response error code: 426
09-15 00:48:10.385 32522 32573 E unknown:ReactNative: 
09-15 00:48:10.385 32522 32573 E unknown:ReactNative: URL: http://localhost:8099/index.bundle?platform=android&dev=true&minify=false&app=br.com.arnoldosilva.estudo_tdd&modulesOnly=false&runModule=true
09-15 00:48:10.385 32522 32573 E unknown:ReactNative: 
09-15 00:48:10.385 32522 32573 E unknown:ReactNative: Body:
09-15 00:48:10.385 32522 32573 E unknown:ReactNative: Upgrade Required
09-15 00:48:10.385 32522 32573 E unknown:ReactNative: 	at com.facebook.react.devsupport.BundleDownloader.processBundleResult(BundleDownloader.java:264)
09-15 00:48:10.385 32522 32573 E unknown:ReactNative: 	at com.facebook.react.devsupport.BundleDownloader.access$200(BundleDownloader.java:34)
09-15 00:48:10.385 32522 32573 E unknown:ReactNative: 	at com.facebook.react.devsupport.BundleDownloader$1.onResponse(BundleDownloader.java:151)
09-15 00:48:10.385 32522 32573 E unknown:ReactNative: 	at okhttp3.internal.connection.RealCall$AsyncCall.run(RealCall.kt:519)
09-15 00:48:10.385 32522 32573 E unknown:ReactNative: 	at java.util.concurrent.ThreadPoolExecutor.runWorker(ThreadPoolExecutor.java:1167)
09-15 00:48:10.385 32522 32573 E unknown:ReactNative: 	at java.util.concurrent.ThreadPoolExecutor$Worker.run(ThreadPoolExecutor.java:641)
09-15 00:48:10.385 32522 32573 E unknown:ReactNative: 	at java.lang.Thread.run(Thread.java:764)
09-15 00:48:10.388 32522 32522 D InputTransport: Input channel destroyed: fd=104
09-15 00:48:10.416 32522 32522 D InputTransport: Input channel constructed: fd=102
09-15 00:48:10.416 32522 32522 D ViewRootImpl@5fa8a7[PopupWindow:b0d42a8]: setView = android.widget.PopupWindow$PopupDecorView{647e154 V.E...... R.....I. 0,0-0,0} TM=true MM=false
09-15 00:48:10.438 32522 32522 D ViewRootImpl@5fa8a7[PopupWindow:b0d42a8]: Relayout returned: old=[0,48][720,1280] new=[0,48][720,101] result=0x7 surface={true 3444975616} changed=true
09-15 00:48:10.440 32522 32574 D mali_winsys: EGLint new_window_surface(egl_winsys_display *, void *, EGLSurface, EGLConfig, egl_winsys_surface **, EGLBoolean) returns 0x3000,  [720x53]-format:1
09-15 00:48:10.440 32522 32574 D OpenGLRenderer: eglCreateWindowSurface = 0xe19d4d40, 0xcd562808
09-15 00:48:10.447 32522 32574 W libEGL  : EGLNativeWindowType 0xcd562808 disconnect failed
09-15 00:48:10.447 32522 32574 D OpenGLRenderer: eglDestroySurface = 0xe19d4d40, 0xcd562800
09-15 00:48:10.447 32522 32522 D ViewRootImpl@5fa8a7[PopupWindow:b0d42a8]: dispatchDetachedFromWindow
09-15 00:48:10.459 32522 32522 D InputTransport: Input channel destroyed: fd=102
09-15 00:48:10.462 32522 32522 E unknown:ReactNative: Exception in native call
09-15 00:48:10.462 32522 32522 E unknown:ReactNative: com.facebook.react.common.DebugServerException: The development server returned response error code: 426
09-15 00:48:10.462 32522 32522 E unknown:ReactNative: 
09-15 00:48:10.462 32522 32522 E unknown:ReactNative: URL: http://localhost:8099/index.bundle?platform=android&dev=true&minify=false&app=br.com.arnoldosilva.estudo_tdd&modulesOnly=false&runModule=true
09-15 00:48:10.462 32522 32522 E unknown:ReactNative: 
09-15 00:48:10.462 32522 32522 E unknown:ReactNative: Body:
09-15 00:48:10.462 32522 32522 E unknown:ReactNative: Upgrade Required
09-15 00:48:10.462 32522 32522 E unknown:ReactNative: 	at com.facebook.react.devsupport.BundleDownloader.processBundleResult(BundleDownloader.java:264)
09-15 00:48:10.462 32522 32522 E unknown:ReactNative: 	at com.facebook.react.devsupport.BundleDownloader.access$200(BundleDownloader.java:34)
09-15 00:48:10.462 32522 32522 E unknown:ReactNative: 	at com.facebook.react.devsupport.BundleDownloader$1.onResponse(BundleDownloader.java:151)
09-15 00:48:10.462 32522 32522 E unknown:ReactNative: 	at okhttp3.internal.connection.RealCall$AsyncCall.run(RealCall.kt:519)
09-15 00:48:10.462 32522 32522 E unknown:ReactNative: 	at java.util.concurrent.ThreadPoolExecutor.runWorker(ThreadPoolExecutor.java:1167)
09-15 00:48:10.462 32522 32522 E unknown:ReactNative: 	at java.util.concurrent.ThreadPoolExecutor$Worker.run(ThreadPoolExecutor.java:641)
09-15 00:48:10.462 32522 32522 E unknown:ReactNative: 	at java.lang.Thread.run(Thread.java:764)
09-15 00:48:10.462 32522 32522 D ViewRootImpl@4615a02[MainActivity]: MSG_WINDOW_FOCUS_CHANGED 1 1
09-15 00:48:10.462 32522 32522 D InputMethodManager: prepareNavigationBarInfo() DecorView@ce68420[MainActivity]
09-15 00:48:10.463 32522 32522 D InputMethodManager: getNavigationBarColor() -855310
09-15 00:48:10.465 32522 32522 D InputMethodManager: prepareNavigationBarInfo() DecorView@ce68420[MainActivity]
09-15 00:48:10.465 32522 32522 D InputMethodManager: getNavigationBarColor() -855310
09-15 00:48:10.465 32522 32522 V InputMethodManager: Starting input: tba=br.com.arnoldosilva.estudo_tdd ic=null mNaviBarColor -855310 mIsGetNaviBarColorSuccess true , NavVisible : true , NavTrans : false
09-15 00:48:10.465 32522 32522 D InputMethodManager: startInputInner - Id : 0
09-15 00:48:10.465 32522 32522 I InputMethodManager: startInputInner - mService.startInputOrWindowGainedFocus
09-15 00:48:10.470 32522 32522 D InputTransport: Input channel constructed: fd=102
09-15 00:48:10.470 32522 32522 D InputTransport: Input channel destroyed: fd=106
09-15 00:48:10.471 32522 32522 E ViewRootImpl: sendUserActionEvent() returned.
09-15 00:48:10.473 32522 32522 D Dialog  : mIsSamsungBasicInteraction = false, isMetaDataInActivity = false
09-15 00:48:10.484 32522 32522 I DecorView: mWindow.mActivityCurrentConfig is null.
09-15 00:48:10.488 32522 32522 I MultiWindowDecorSupport: updateCaptionType >> DecorView@7542843[], isFloating: false, isApplication: true, hasWindowDecorCaption: false, hasWindowControllerCallback: false
09-15 00:48:10.489 32522 32522 D MultiWindowDecorSupport: setCaptionType = 0, DecorView = DecorView@7542843[]
09-15 00:48:10.571 32522 32522 D InputTransport: Input channel constructed: fd=103
09-15 00:48:10.572 32522 32522 D ViewRootImpl@2e90214[MainActivity]: setView = DecorView@7542843[MainActivity] TM=true MM=false
09-15 00:48:10.573 32522 32522 W IInputConnectionWrapper: performPrivateCommand on inactive InputConnection
09-15 00:48:10.573 32522 32522 D ViewRootImpl@4615a02[MainActivity]: MSG_RESIZED: frame=[0,0][720,1280] ci=[0,48][0,0] vi=[0,48][0,0] or=1
09-15 00:48:10.616 32522 32522 D ViewRootImpl@2e90214[MainActivity]: Relayout returned: old=[0,0][720,1280] new=[0,0][720,1280] result=0x7 surface={true 3444523008} changed=true
09-15 00:48:10.620 32522 32574 D mali_winsys: EGLint new_window_surface(egl_winsys_display *, void *, EGLSurface, EGLConfig, egl_winsys_surface **, EGLBoolean) returns 0x3000,  [720x1280]-format:1
09-15 00:48:10.620 32522 32574 D OpenGLRenderer: eglCreateWindowSurface = 0xe19d4d40, 0xcd4f4008
09-15 00:48:10.719 32522 32522 D AbsListView:  in onLayout changed 
09-15 00:48:10.731 32522 32522 D ViewRootImpl@4615a02[MainActivity]: Relayout returned: old=[0,0][720,1280] new=[0,0][720,1280] result=0x1 surface={true 3459217408} changed=false
09-15 00:48:10.736 32522 32522 D ViewRootImpl@2e90214[MainActivity]: MSG_WINDOW_FOCUS_CHANGED 1 1
09-15 00:48:10.736 32522 32522 D InputMethodManager: prepareNavigationBarInfo() DecorView@7542843[MainActivity]
09-15 00:48:10.737 32522 32522 D InputMethodManager: getNavigationBarColor() -855310
09-15 00:48:10.741 32522 32522 D InputMethodManager: prepareNavigationBarInfo() DecorView@7542843[MainActivity]
09-15 00:48:10.741 32522 32522 D InputMethodManager: getNavigationBarColor() -855310
09-15 00:48:10.741 32522 32522 V InputMethodManager: Starting input: tba=br.com.arnoldosilva.estudo_tdd ic=null mNaviBarColor -855310 mIsGetNaviBarColorSuccess true , NavVisible : true , NavTrans : false
09-15 00:48:10.741 32522 32522 D InputMethodManager: startInputInner - Id : 0
09-15 00:48:10.741 32522 32522 I InputMethodManager: startInputInner - mService.startInputOrWindowGainedFocus
09-15 00:48:10.744 32522 32522 D InputTransport: Input channel constructed: fd=110
09-15 00:48:10.744 32522 32522 D InputTransport: Input channel destroyed: fd=102
09-15 00:48:10.765 32522 32522 D ViewRootImpl@2e90214[MainActivity]: MSG_RESIZED: frame=[0,0][720,1280] ci=[0,48][0,0] vi=[0,48][0,0] or=1
09-15 00:48:10.776 32522 32560 D NetworkManagementSocketTagger: tagSocket(102) with statsTag=0xffffffff, statsUid=-1
09-15 00:48:10.781 32522 32522 D ViewRootImpl@4615a02[MainActivity]: MSG_WINDOW_FOCUS_CHANGED 0 1
09-15 00:48:10.781 32522 32522 D InputMethodManager: prepareNavigationBarInfo() DecorView@ce68420[MainActivity]
09-15 00:48:10.781 32522 32522 D InputMethodManager: getNavigationBarColor() -855310
09-15 00:48:12.802 32522 32560 D NetworkManagementSocketTagger: tagSocket(102) with statsTag=0xffffffff, statsUid=-1
09-15 00:48:14.826 32522 32560 D NetworkManagementSocketTagger: tagSocket(102) with statsTag=0xffffffff, statsUid=-1
09-15 00:48:16.857 32522 32560 D NetworkManagementSocketTagger: tagSocket(102) with statsTag=0xffffffff, statsUid=-1
09-15 00:48:18.884 32522 32560 D NetworkManagementSocketTagger: tagSocket(102) with statsTag=0xffffffff, statsUid=-1
09-15 00:48:20.910 32522 32560 D NetworkManagementSocketTagger: tagSocket(102) with statsTag=0xffffffff, statsUid=-1
09-15 00:48:22.938 32522 32560 D NetworkManagementSocketTagger: tagSocket(102) with statsTag=0xffffffff, statsUid=-1
